[{"type":"unchanged","key":"common","value":[{"type":"added","key":"follow","value":false,"property":["common","follow"]},{"type":"unchanged","key":"setting1","value":"Value 1","property":["common","setting1"]},{"type":"removed","key":"setting2","value":200,"property":["common","setting2"]},{"type":"modified","key":"setting3","oldValue":true,"newValue":null,"property":["common","setting3"]},{"type":"added","key":"setting4","value":"blah blah","property":["common","setting4"]},{"type":"added","key":"setting5","value":{"key5":"value5"},"property":["common","setting5"]},{"type":"unchanged","key":"setting6","value":[{"type":"unchanged","key":"doge","value":[{"type":"modified","key":"wow","oldValue":"","newValue":"so much","property":["common","setting6","doge","wow"]}],"property":["common","setting6","doge"],"children":[{"type":"modified","key":"wow","oldValue":"","newValue":"so much","property":["common","setting6","doge","wow"]}]},{"type":"unchanged","key":"key","value":"value","property":["common","setting6","key"]},{"type":"added","key":"ops","value":"vops","property":["common","setting6","ops"]}],"property":["common","setting6"],"children":[{"type":"unchanged","key":"doge","value":[{"type":"modified","key":"wow","oldValue":"","newValue":"so much","property":["common","setting6","doge","wow"]}],"property":["common","setting6","doge"],"children":[{"type":"modified","key":"wow","oldValue":"","newValue":"so much","property":["common","setting6","doge","wow"]}]},{"type":"unchanged","key":"key","value":"value","property":["common","setting6","key"]},{"type":"added","key":"ops","value":"vops","property":["common","setting6","ops"]}]}],"property":["common"],"children":[{"type":"added","key":"follow","value":false,"property":["common","follow"]},{"type":"unchanged","key":"setting1","value":"Value 1","property":["common","setting1"]},{"type":"removed","key":"setting2","value":200,"property":["common","setting2"]},{"type":"modified","key":"setting3","oldValue":true,"newValue":null,"property":["common","setting3"]},{"type":"added","key":"setting4","value":"blah blah","property":["common","setting4"]},{"type":"added","key":"setting5","value":{"key5":"value5"},"property":["common","setting5"]},{"type":"unchanged","key":"setting6","value":[{"type":"unchanged","key":"doge","value":[{"type":"modified","key":"wow","oldValue":"","newValue":"so much","property":["common","setting6","doge","wow"]}],"property":["common","setting6","doge"],"children":[{"type":"modified","key":"wow","oldValue":"","newValue":"so much","property":["common","setting6","doge","wow"]}]},{"type":"unchanged","key":"key","value":"value","property":["common","setting6","key"]},{"type":"added","key":"ops","value":"vops","property":["common","setting6","ops"]}],"property":["common","setting6"],"children":[{"type":"unchanged","key":"doge","value":[{"type":"modified","key":"wow","oldValue":"","newValue":"so much","property":["common","setting6","doge","wow"]}],"property":["common","setting6","doge"],"children":[{"type":"modified","key":"wow","oldValue":"","newValue":"so much","property":["common","setting6","doge","wow"]}]},{"type":"unchanged","key":"key","value":"value","property":["common","setting6","key"]},{"type":"added","key":"ops","value":"vops","property":["common","setting6","ops"]}]}]},{"type":"unchanged","key":"group1","value":[{"type":"modified","key":"baz","oldValue":"bas","newValue":"bars","property":["group1","baz"]},{"type":"unchanged","key":"foo","value":"bar","property":["group1","foo"]},{"type":"modified","key":"nest","oldValue":{"key":"value"},"newValue":"str","property":["group1","nest"]}],"property":["group1"],"children":[{"type":"modified","key":"baz","oldValue":"bas","newValue":"bars","property":["group1","baz"]},{"type":"unchanged","key":"foo","value":"bar","property":["group1","foo"]},{"type":"modified","key":"nest","oldValue":{"key":"value"},"newValue":"str","property":["group1","nest"]}]},{"type":"removed","key":"group2","value":{"abc":12345,"deep":{"id":45}},"property":["group2"]},{"type":"added","key":"group3","value":{"deep":{"id":{"number":45}},"fee":100500},"property":["group3"]}]